=== seed 0 starting 2026-08-08T04:19:35+08:00 ===
           0 steps  reward 0.0010730847716331482
  22,937,600 steps  reward 16.682464599609375
  45,875,200 steps  reward 17.329631805419922
  68,812,800 steps  reward 19.74835777282715
  91,750,400 steps  reward 19.894573211669922
 114,688,000 steps  reward 21.041126251220703
 137,625,600 steps  reward 22.822437286376953
 160,563,200 steps  reward 26.21588706970215
 183,500,800 steps  reward 26.694683074951172
 206,438,400 steps  reward 27.59349822998047
done in 2,390s -> benchmarks/results/train-go1-r9700-seed0
=== seed 0 exit=0 2026-08-08T04:59:51+08:00 ===
=== seed 1 starting 2026-08-08T04:59:51+08:00 ===
           0 steps  reward 0.002041831612586975
  22,937,600 steps  reward 18.107654571533203
  45,875,200 steps  reward 20.925521850585938
  68,812,800 steps  reward 26.147186279296875
  91,750,400 steps  reward 26.985191345214844
 114,688,000 steps  reward 27.543224334716797
 137,625,600 steps  reward 27.822649002075195
 160,563,200 steps  reward 27.93247413635254
 183,500,800 steps  reward 28.52584457397461
 206,438,400 steps  reward 28.356443405151367
done in 2,389s -> benchmarks/results/train-go1-r9700-seed1
=== seed 1 exit=0 2026-08-08T05:40:06+08:00 ===
