=== seed 0 starting 2026-08-08T14:18:34+08:00 ===
           0 steps  reward 0.001118190586566925
  22,937,600 steps  reward 18.588558197021484
  45,875,200 steps  reward 19.50537109375
  68,812,800 steps  reward 26.166763305664062
  91,750,400 steps  reward 27.10970687866211
 114,688,000 steps  reward 27.43657684326172
 137,625,600 steps  reward 27.563058853149414
 160,563,200 steps  reward 28.299285888671875
 183,500,800 steps  reward 28.256752014160156
 206,438,400 steps  reward 28.34079360961914
done in 2,131s -> benchmarks/results/train-go1-r9700-4096-seed0
=== seed 0 exit=0 2026-08-08T14:54:31+08:00 ===
=== seed 1 starting 2026-08-08T14:54:31+08:00 ===
           0 steps  reward 0.002036876045167446
  22,937,600 steps  reward 17.750661849975586
  45,875,200 steps  reward 20.825214385986328
  68,812,800 steps  reward 25.6745548248291
  91,750,400 steps  reward 27.400863647460938
 114,688,000 steps  reward 27.649751663208008
 137,625,600 steps  reward 27.655540466308594
 160,563,200 steps  reward 28.082277297973633
 183,500,800 steps  reward 28.052902221679688
 206,438,400 steps  reward 28.34638023376465
done in 2,132s -> benchmarks/results/train-go1-r9700-4096-seed1
=== seed 1 exit=0 2026-08-08T15:30:29+08:00 ===
